type family (GHC.TypeLits.*) (a :: GHC.Types.Nat)
                             (b :: GHC.Types.Nat)
            :: GHC.Types.Nat
type family (GHC.TypeLits.+) (a :: GHC.Types.Nat)
                             (b :: GHC.Types.Nat)
            :: GHC.Types.Nat
type family (GHC.TypeLits.-) (a :: GHC.Types.Nat)
                             (b :: GHC.Types.Nat)
            :: GHC.Types.Nat
type (GHC.TypeLits.<=) (x :: GHC.Types.Nat) (y :: GHC.Types.Nat) =
  (x GHC.TypeLits.<=? y) ~ 'True :: Constraint
type family (GHC.TypeLits.<=?) (a :: GHC.Types.Nat)
                               (b :: GHC.Types.Nat)
            :: Bool
type family GHC.TypeLits.CmpNat (a :: GHC.Types.Nat)
                                (b :: GHC.Types.Nat)
            :: Ordering
type family GHC.TypeLits.CmpSymbol (a :: GHC.Types.Symbol)
                                   (b :: GHC.Types.Symbol)
            :: Ordering
data GHC.TypeLits.ErrorMessage where
  GHC.TypeLits.Text :: GHC.Types.Symbol -> GHC.TypeLits.ErrorMessage
  GHC.TypeLits.ShowType :: t -> GHC.TypeLits.ErrorMessage
  (GHC.TypeLits.:<>:) :: GHC.TypeLits.ErrorMessage
                         -> GHC.TypeLits.ErrorMessage -> GHC.TypeLits.ErrorMessage
  (GHC.TypeLits.:$$:) :: GHC.TypeLits.ErrorMessage
                         -> GHC.TypeLits.ErrorMessage -> GHC.TypeLits.ErrorMessage
class GHC.TypeLits.KnownNat (n :: GHC.Types.Nat) where
  GHC.TypeLits.natSing :: GHC.TypeLits.SNat n
  {-# MINIMAL natSing #-}
class GHC.TypeLits.KnownSymbol (n :: GHC.Types.Symbol) where
  GHC.TypeLits.symbolSing :: GHC.TypeLits.SSymbol n
  {-# MINIMAL symbolSing #-}
type family GHC.TypeLits.MkSymbol (a :: [GHC.Types.Nat])
            :: GHC.Types.Symbol
data GHC.TypeLits.SomeNat where
  GHC.TypeLits.SomeNat :: GHC.TypeLits.KnownNat n =>
                          (Data.Proxy.Proxy n) -> GHC.TypeLits.SomeNat
data GHC.TypeLits.SomeSymbol where
  GHC.TypeLits.SomeSymbol :: GHC.TypeLits.KnownSymbol n =>
                             (Data.Proxy.Proxy n) -> GHC.TypeLits.SomeSymbol
type family GHC.TypeLits.SymbolVal (a :: GHC.Types.Symbol)
            :: [GHC.Types.Nat]
type family GHC.TypeLits.TypeError (a :: GHC.TypeLits.ErrorMessage)
            :: b
type family (GHC.TypeLits.^) (a :: GHC.Types.Nat)
                             (b :: GHC.Types.Nat)
            :: GHC.Types.Nat
GHC.TypeLits.natVal ::
  GHC.TypeLits.KnownNat n => proxy n -> Integer
GHC.TypeLits.natVal' ::
  GHC.TypeLits.KnownNat n => GHC.Prim.Proxy# n -> Integer
GHC.TypeLits.sameNat ::
  (GHC.TypeLits.KnownNat a, GHC.TypeLits.KnownNat b) =>
  Data.Proxy.Proxy a
  -> Data.Proxy.Proxy b -> Maybe (a Data.Type.Equality.:~: b)
GHC.TypeLits.sameSymbol ::
  (GHC.TypeLits.KnownSymbol a, GHC.TypeLits.KnownSymbol b) =>
  Data.Proxy.Proxy a
  -> Data.Proxy.Proxy b -> Maybe (a Data.Type.Equality.:~: b)
GHC.TypeLits.someNatVal :: Integer -> Maybe GHC.TypeLits.SomeNat
GHC.TypeLits.someSymbolVal :: String -> GHC.TypeLits.SomeSymbol
GHC.TypeLits.symbolVal ::
  GHC.TypeLits.KnownSymbol n => proxy n -> String
GHC.TypeLits.symbolVal' ::
  GHC.TypeLits.KnownSymbol n => GHC.Prim.Proxy# n -> String
data GHC.Types.Nat
data GHC.Types.Symbol
