WerrorFail.hs:6:1: warning: [-Wincomplete-patterns (in -Wextra)]
    Pattern match(es) are non-exhaustive
    In an equation for ‘foo’: Patterns not matched: (Just _)

<no location info>: 
Failing due to -Werror.
